ok - T1 persist is a gate, and asks for open records and task status only
ok - T2 the mate persists before anything is stopped
ok - T2b an arrived persist answer is resolved before timeout
ok - T2c a reply between the preliminary scan and timeout decision wins
ok - T3 a runtime that cannot prove a restart falls back to the re-read message
ok - T4 every named mate is accounted for, including one this home does not know
ok - T5 a refused restart leaves the mate running and reports an unknown outcome
ok - T8 a local restart re-resolves this home's pin and reports the runtime that came up
ok - native Ultra survives local restart and the remote restart transport
ok - T6 a remote mate restarts on its recorded profile over the fm-on hop
ok - T6b a route record with an unverified effort falls back instead of changing its profile
ok - T7 an unreachable host is reported honestly instead of claimed as reloaded
ok - T9 the persist gate retains its explicitly allocated correlation
ok - T10 pending persist answers are polled as one fleet
ok - T11 post-stop restart failure is never misreported as a nudge
ok - T12 relaunch waits do not block fleet persistence polling
ok - T13 a dead restart worker cannot hang the parent
ok - T14 a result published during reaping is honored
ok - T15 an already-current live mate is named by the update pass and genuinely restarted
ok - T16 an already-current mate with an unprovable runtime keeps the honest nudge path
# all fm-secondmate-restart tests passed
rm: /private/var/folders/0k/3fxkts6n00d556lytm33m2jm0000gn/T/fm-secondmate-restart.vdBQJt/unknown-13313/home/state/sm1.git-hooks/pre-rebase: Permission denied
rm: /private/var/folders/0k/3fxkts6n00d556lytm33m2jm0000gn/T/fm-secondmate-restart.vdBQJt/unknown-13313/home/state/sm1.git-hooks/pre-applypatch: Permission denied
rm: /private/var/folders/0k/3fxkts6n00d556lytm33m2jm0000gn/T/fm-secondmate-restart.vdBQJt/unknown-13313/home/state/sm1.git-hooks/pre-auto-gc: Permission denied
rm: /private/var/folders/0k/3fxkts6n00d556lytm33m2jm0000gn/T/fm-secondmate-restart.vdBQJt/unknown-13313/home/state/sm1.git-hooks/pre-merge-commit: Permission denied
rm: /private/var/folders/0k/3fxkts6n00d556lytm33m2jm0000gn/T/fm-secondmate-restart.vdBQJt/unknown-13313/home/state/sm1.git-hooks/post-commit: Permission denied
rm: /private/var/folders/0k/3fxkts6n00d556lytm33m2jm0000gn/T/fm-secondmate-restart.vdBQJt/unknown-13313/home/state/sm1.git-hooks/sendemail-validate: Permission denied
rm: /private/var/folders/0k/3fxkts6n00d556lytm33m2jm0000gn/T/fm-secondmate-restart.vdBQJt/unknown-13313/home/state/sm1.git-hooks/applypatch-msg: Permission denied
rm: /private/var/folders/0k/3fxkts6n00d556lytm33m2jm0000gn/T/fm-secondmate-restart.vdBQJt/unknown-13313/home/state/sm1.git-hooks/prepare-commit-msg: Permission denied
rm: /private/var/folders/0k/3fxkts6n00d556lytm33m2jm0000gn/T/fm-secondmate-restart.vdBQJt/unknown-13313/home/state/sm1.git-hooks/post-checkout: Permission denied
rm: /private/var/folders/0k/3fxkts6n00d556lytm33m2jm0000gn/T/fm-secondmate-restart.vdBQJt/unknown-13313/home/state/sm1.git-hooks/post-applypatch: Permission denied
rm: /private/var/folders/0k/3fxkts6n00d556lytm33m2jm0000gn/T/fm-secondmate-restart.vdBQJt/unknown-13313/home/state/sm1.git-hooks/post-rewrite: Permission denied
rm: /private/var/folders/0k/3fxkts6n00d556lytm33m2jm0000gn/T/fm-secondmate-restart.vdBQJt/unknown-13313/home/state/sm1.git-hooks/commit-msg: Permission denied
rm: /private/var/folders/0k/3fxkts6n00d556lytm33m2jm0000gn/T/fm-secondmate-restart.vdBQJt/unknown-13313/home/state/sm1.git-hooks/pre-push: Permission denied
rm: /private/var/folders/0k/3fxkts6n00d556lytm33m2jm0000gn/T/fm-secondmate-restart.vdBQJt/unknown-13313/home/state/sm1.git-hooks/post-merge: Permission denied
rm: /private/var/folders/0k/3fxkts6n00d556lytm33m2jm0000gn/T/fm-secondmate-restart.vdBQJt/unknown-13313/home/state/sm1.git-hooks/pre-commit: Permission denied
rm: /private/var/folders/0k/3fxkts6n00d556lytm33m2jm0000gn/T/fm-secondmate-restart.vdBQJt/unknown-13313/home/state/sm1.git-hooks: Directory not empty
rm: /private/var/folders/0k/3fxkts6n00d556lytm33m2jm0000gn/T/fm-secondmate-restart.vdBQJt/unknown-13313/home/state: Directory not empty
rm: /private/var/folders/0k/3fxkts6n00d556lytm33m2jm0000gn/T/fm-secondmate-restart.vdBQJt/unknown-13313/home: Directory not empty
rm: /private/var/folders/0k/3fxkts6n00d556lytm33m2jm0000gn/T/fm-secondmate-restart.vdBQJt/unknown-13313: Directory not empty
rm: /private/var/folders/0k/3fxkts6n00d556lytm33m2jm0000gn/T/fm-secondmate-restart.vdBQJt/answer-at-timeout-decision-10469/home/state/sm1.git-hooks/pre-rebase: Permission denied
rm: /private/var/folders/0k/3fxkts6n00d556lytm33m2jm0000gn/T/fm-secondmate-restart.vdBQJt/answer-at-timeout-decision-10469/home/state/sm1.git-hooks/pre-applypatch: Permission denied
rm: /private/var/folders/0k/3fxkts6n00d556lytm33m2jm0000gn/T/fm-secondmate-restart.vdBQJt/answer-at-timeout-decision-10469/home/state/sm1.git-hooks/pre-auto-gc: Permission denied
rm: /private/var/folders/0k/3fxkts6n00d556lytm33m2jm0000gn/T/fm-secondmate-restart.vdBQJt/answer-at-timeout-decision-10469/home/state/sm1.git-hooks/pre-merge-commit: Permission denied
rm: /private/var/folders/0k/3fxkts6n00d556lytm33m2jm0000gn/T/fm-secondmate-restart.vdBQJt/answer-at-timeout-decision-10469/home/state/sm1.git-hooks/post-commit: Permission denied
rm: /private/var/folders/0k/3fxkts6n00d556lytm33m2jm0000gn/T/fm-secondmate-restart.vdBQJt/answer-at-timeout-decision-10469/home/state/sm1.git-hooks/sendemail-validate: Permission denied
rm: /private/var/folders/0k/3fxkts6n00d556lytm33m2jm0000gn/T/fm-secondmate-restart.vdBQJt/answer-at-timeout-decision-10469/home/state/sm1.git-hooks/applypatch-msg: Permission denied
rm: /private/var/folders/0k/3fxkts6n00d556lytm33m2jm0000gn/T/fm-secondmate-restart.vdBQJt/answer-at-timeout-decision-10469/home/state/sm1.git-hooks/prepare-commit-msg: Permission denied
rm: /private/var/folders/0k/3fxkts6n00d556lytm33m2jm0000gn/T/fm-secondmate-restart.vdBQJt/answer-at-timeout-decision-10469/home/state/sm1.git-hooks/post-checkout: Permission denied
rm: /private/var/folders/0k/3fxkts6n00d556lytm33m2jm0000gn/T/fm-secondmate-restart.vdBQJt/answer-at-timeout-decision-10469/home/state/sm1.git-hooks/post-applypatch: Permission denied
rm: /private/var/folders/0k/3fxkts6n00d556lytm33m2jm0000gn/T/fm-secondmate-restart.vdBQJt/answer-at-timeout-decision-10469/home/state/sm1.git-hooks/post-rewrite: Permission denied
rm: /private/var/folders/0k/3fxkts6n00d556lytm33m2jm0000gn/T/fm-secondmate-restart.vdBQJt/answer-at-timeout-decision-10469/home/state/sm1.git-hooks/commit-msg: Permission denied
rm: /private/var/folders/0k/3fxkts6n00d556lytm33m2jm0000gn/T/fm-secondmate-restart.vdBQJt/answer-at-timeout-decision-10469/home/state/sm1.git-hooks/pre-push: Permission denied
rm: /private/var/folders/0k/3fxkts6n00d556lytm33m2jm0000gn/T/fm-secondmate-restart.vdBQJt/answer-at-timeout-decision-10469/home/state/sm1.git-hooks/post-merge: Permission denied
rm: /private/var/folders/0k/3fxkts6n00d556lytm33m2jm0000gn/T/fm-secondmate-restart.vdBQJt/answer-at-timeout-decision-10469/home/state/sm1.git-hooks/pre-commit: Permission denied
rm: /private/var/folders/0k/3fxkts6n00d556lytm33m2jm0000gn/T/fm-secondmate-restart.vdBQJt/answer-at-timeout-decision-10469/home/state/sm1.git-hooks: Directory not empty
rm: /private/var/folders/0k/3fxkts6n00d556lytm33m2jm0000gn/T/fm-secondmate-restart.vdBQJt/answer-at-timeout-decision-10469/home/state: Directory not empty
rm: /private/var/folders/0k/3fxkts6n00d556lytm33m2jm0000gn/T/fm-secondmate-restart.vdBQJt/answer-at-timeout-decision-10469/home: Directory not empty
rm: /private/var/folders/0k/3fxkts6n00d556lytm33m2jm0000gn/T/fm-secondmate-restart.vdBQJt/answer-at-timeout-decision-10469: Directory not empty
rm: /private/var/folders/0k/3fxkts6n00d556lytm33m2jm0000gn/T/fm-secondmate-restart.vdBQJt/order-31438/home/state/sm1.git-hooks/pre-rebase: Permission denied
rm: /private/var/folders/0k/3fxkts6n00d556lytm33m2jm0000gn/T/fm-secondmate-restart.vdBQJt/order-31438/home/state/sm1.git-hooks/pre-applypatch: Permission denied
rm: /private/var/folders/0k/3fxkts6n00d556lytm33m2jm0000gn/T/fm-secondmate-restart.vdBQJt/order-31438/home/state/sm1.git-hooks/pre-auto-gc: Permission denied
rm: /private/var/folders/0k/3fxkts6n00d556lytm33m2jm0000gn/T/fm-secondmate-restart.vdBQJt/order-31438/home/state/sm1.git-hooks/pre-merge-commit: Permission denied
rm: /private/var/folders/0k/3fxkts6n00d556lytm33m2jm0000gn/T/fm-secondmate-restart.vdBQJt/order-31438/home/state/sm1.git-hooks/post-commit: Permission denied
rm: /private/var/folders/0k/3fxkts6n00d556lytm33m2jm0000gn/T/fm-secondmate-restart.vdBQJt/order-31438/home/state/sm1.git-hooks/sendemail-validate: Permission denied
rm: /private/var/folders/0k/3fxkts6n00d556lytm33m2jm0000gn/T/fm-secondmate-restart.vdBQJt/order-31438/home/state/sm1.git-hooks/applypatch-msg: Permission denied
rm: /private/var/folders/0k/3fxkts6n00d556lytm33m2jm0000gn/T/fm-secondmate-restart.vdBQJt/order-31438/home/state/sm1.git-hooks/prepare-commit-msg: Permission denied
rm: /private/var/folders/0k/3fxkts6n00d556lytm33m2jm0000gn/T/fm-secondmate-restart.vdBQJt/order-31438/home/state/sm1.git-hooks/post-checkout: Permission denied
rm: /private/var/folders/0k/3fxkts6n00d556lytm33m2jm0000gn/T/fm-secondmate-restart.vdBQJt/order-31438/home/state/sm1.git-hooks/post-applypatch: Permission denied
rm: /private/var/folders/0k/3fxkts6n00d556lytm33m2jm0000gn/T/fm-secondmate-restart.vdBQJt/order-31438/home/state/sm1.git-hooks/post-rewrite: Permission denied
rm: /private/var/folders/0k/3fxkts6n00d556lytm33m2jm0000gn/T/fm-secondmate-restart.vdBQJt/order-31438/home/state/sm1.git-hooks/commit-msg: Permission denied
rm: /private/var/folders/0k/3fxkts6n00d556lytm33m2jm0000gn/T/fm-secondmate-restart.vdBQJt/order-31438/home/state/sm1.git-hooks/pre-push: Permission denied
rm: /private/var/folders/0k/3fxkts6n00d556lytm33m2jm0000gn/T/fm-secondmate-restart.vdBQJt/order-31438/home/state/sm1.git-hooks/post-merge: Permission denied
rm: /private/var/folders/0k/3fxkts6n00d556lytm33m2jm0000gn/T/fm-secondmate-restart.vdBQJt/order-31438/home/state/sm1.git-hooks/pre-commit: Permission denied
rm: /private/var/folders/0k/3fxkts6n00d556lytm33m2jm0000gn/T/fm-secondmate-restart.vdBQJt/order-31438/home/state/sm1.git-hooks: Directory not empty
rm: /private/var/folders/0k/3fxkts6n00d556lytm33m2jm0000gn/T/fm-secondmate-restart.vdBQJt/order-31438/home/state: Directory not empty
rm: /private/var/folders/0k/3fxkts6n00d556lytm33m2jm0000gn/T/fm-secondmate-restart.vdBQJt/order-31438/home: Directory not empty
rm: /private/var/folders/0k/3fxkts6n00d556lytm33m2jm0000gn/T/fm-secondmate-restart.vdBQJt/order-31438: Directory not empty
rm: /private/var/folders/0k/3fxkts6n00d556lytm33m2jm0000gn/T/fm-secondmate-restart.vdBQJt/concurrent-waits-1049/home/state/sm2.git-hooks/pre-rebase: Permission denied
rm: /private/var/folders/0k/3fxkts6n00d556lytm33m2jm0000gn/T/fm-secondmate-restart.vdBQJt/concurrent-waits-1049/home/state/sm2.git-hooks/pre-applypatch: Permission denied
rm: /private/var/folders/0k/3fxkts6n00d556lytm33m2jm0000gn/T/fm-secondmate-restart.vdBQJt/concurrent-waits-1049/home/state/sm2.git-hooks/pre-auto-gc: Permission denied
rm: /private/var/folders/0k/3fxkts6n00d556lytm33m2jm0000gn/T/fm-secondmate-restart.vdBQJt/concurrent-waits-1049/home/state/sm2.git-hooks/pre-merge-commit: Permission denied
rm: /private/var/folders/0k/3fxkts6n00d556lytm33m2jm0000gn/T/fm-secondmate-restart.vdBQJt/concurrent-waits-1049/home/state/sm2.git-hooks/post-commit: Permission denied
rm: /private/var/folders/0k/3fxkts6n00d556lytm33m2jm0000gn/T/fm-secondmate-restart.vdBQJt/concurrent-waits-1049/home/state/sm2.git-hooks/sendemail-validate: Permission denied
rm: /private/var/folders/0k/3fxkts6n00d556lytm33m2jm0000gn/T/fm-secondmate-restart.vdBQJt/concurrent-waits-1049/home/state/sm2.git-hooks/applypatch-msg: Permission denied
rm: /private/var/folders/0k/3fxkts6n00d556lytm33m2jm0000gn/T/fm-secondmate-restart.vdBQJt/concurrent-waits-1049/home/state/sm2.git-hooks/prepare-commit-msg: Permission denied
rm: /private/var/folders/0k/3fxkts6n00d556lytm33m2jm0000gn/T/fm-secondmate-restart.vdBQJt/concurrent-waits-1049/home/state/sm2.git-hooks/post-checkout: Permission denied
rm: /private/var/folders/0k/3fxkts6n00d556lytm33m2jm0000gn/T/fm-secondmate-restart.vdBQJt/concurrent-waits-1049/home/state/sm2.git-hooks/post-applypatch: Permission denied
rm: /private/var/folders/0k/3fxkts6n00d556lytm33m2jm0000gn/T/fm-secondmate-restart.vdBQJt/concurrent-waits-1049/home/state/sm2.git-hooks/post-rewrite: Permission denied
rm: /private/var/folders/0k/3fxkts6n00d556lytm33m2jm0000gn/T/fm-secondmate-restart.vdBQJt/concurrent-waits-1049/home/state/sm2.git-hooks/commit-msg: Permission denied
rm: /private/var/folders/0k/3fxkts6n00d556lytm33m2jm0000gn/T/fm-secondmate-restart.vdBQJt/concurrent-waits-1049/home/state/sm2.git-hooks/pre-push: Permission denied
rm: /private/var/folders/0k/3fxkts6n00d556lytm33m2jm0000gn/T/fm-secondmate-restart.vdBQJt/concurrent-waits-1049/home/state/sm2.git-hooks/post-merge: Permission denied
rm: /private/var/folders/0k/3fxkts6n00d556lytm33m2jm0000gn/T/fm-secondmate-restart.vdBQJt/concurrent-waits-1049/home/state/sm2.git-hooks/pre-commit: Permission denied
rm: /private/var/folders/0k/3fxkts6n00d556lytm33m2jm0000gn/T/fm-secondmate-restart.vdBQJt/concurrent-waits-1049/home/state/sm2.git-hooks: Directory not empty
rm: /private/var/folders/0k/3fxkts6n00d556lytm33m2jm0000gn/T/fm-secondmate-restart.vdBQJt/concurrent-waits-1049/home/state: Directory not empty
rm: /private/var/folders/0k/3fxkts6n00d556lytm33m2jm0000gn/T/fm-secondmate-restart.vdBQJt/concurrent-waits-1049/home: Directory not empty
rm: /private/var/folders/0k/3fxkts6n00d556lytm33m2jm0000gn/T/fm-secondmate-restart.vdBQJt/concurrent-waits-1049: Directory not empty
rm: /private/var/folders/0k/3fxkts6n00d556lytm33m2jm0000gn/T/fm-secondmate-restart.vdBQJt/already-current-2895/home/state/sm1.git-hooks/pre-rebase: Permission denied
rm: /private/var/folders/0k/3fxkts6n00d556lytm33m2jm0000gn/T/fm-secondmate-restart.vdBQJt/already-current-2895/home/state/sm1.git-hooks/pre-applypatch: Permission denied
rm: /private/var/folders/0k/3fxkts6n00d556lytm33m2jm0000gn/T/fm-secondmate-restart.vdBQJt/already-current-2895/home/state/sm1.git-hooks/pre-auto-gc: Permission denied
rm: /private/var/folders/0k/3fxkts6n00d556lytm33m2jm0000gn/T/fm-secondmate-restart.vdBQJt/already-current-2895/home/state/sm1.git-hooks/pre-merge-commit: Permission denied
rm: /private/var/folders/0k/3fxkts6n00d556lytm33m2jm0000gn/T/fm-secondmate-restart.vdBQJt/already-current-2895/home/state/sm1.git-hooks/post-commit: Permission denied
rm: /private/var/folders/0k/3fxkts6n00d556lytm33m2jm0000gn/T/fm-secondmate-restart.vdBQJt/already-current-2895/home/state/sm1.git-hooks/sendemail-validate: Permission denied
rm: /private/var/folders/0k/3fxkts6n00d556lytm33m2jm0000gn/T/fm-secondmate-restart.vdBQJt/already-current-2895/home/state/sm1.git-hooks/applypatch-msg: Permission denied
rm: /private/var/folders/0k/3fxkts6n00d556lytm33m2jm0000gn/T/fm-secondmate-restart.vdBQJt/already-current-2895/home/state/sm1.git-hooks/prepare-commit-msg: Permission denied
rm: /private/var/folders/0k/3fxkts6n00d556lytm33m2jm0000gn/T/fm-secondmate-restart.vdBQJt/already-current-2895/home/state/sm1.git-hooks/post-checkout: Permission denied
rm: /private/var/folders/0k/3fxkts6n00d556lytm33m2jm0000gn/T/fm-secondmate-restart.vdBQJt/already-current-2895/home/state/sm1.git-hooks/post-applypatch: Permission denied
rm: /private/var/folders/0k/3fxkts6n00d556lytm33m2jm0000gn/T/fm-secondmate-restart.vdBQJt/already-current-2895/home/state/sm1.git-hooks/post-rewrite: Permission denied
rm: /private/var/folders/0k/3fxkts6n00d556lytm33m2jm0000gn/T/fm-secondmate-restart.vdBQJt/already-current-2895/home/state/sm1.git-hooks/commit-msg: Permission denied
rm: /private/var/folders/0k/3fxkts6n00d556lytm33m2jm0000gn/T/fm-secondmate-restart.vdBQJt/already-current-2895/home/state/sm1.git-hooks/pre-push: Permission denied
rm: /private/var/folders/0k/3fxkts6n00d556lytm33m2jm0000gn/T/fm-secondmate-restart.vdBQJt/already-current-2895/home/state/sm1.git-hooks/post-merge: Permission denied
rm: /private/var/folders/0k/3fxkts6n00d556lytm33m2jm0000gn/T/fm-secondmate-restart.vdBQJt/already-current-2895/home/state/sm1.git-hooks/pre-commit: Permission denied
rm: /private/var/folders/0k/3fxkts6n00d556lytm33m2jm0000gn/T/fm-secondmate-restart.vdBQJt/already-current-2895/home/state/sm1.git-hooks: Directory not empty
rm: /private/var/folders/0k/3fxkts6n00d556lytm33m2jm0000gn/T/fm-secondmate-restart.vdBQJt/already-current-2895/home/state: Directory not empty
rm: /private/var/folders/0k/3fxkts6n00d556lytm33m2jm0000gn/T/fm-secondmate-restart.vdBQJt/already-current-2895/home: Directory not empty
rm: /private/var/folders/0k/3fxkts6n00d556lytm33m2jm0000gn/T/fm-secondmate-restart.vdBQJt/already-current-2895: Directory not empty
rm: /private/var/folders/0k/3fxkts6n00d556lytm33m2jm0000gn/T/fm-secondmate-restart.vdBQJt/post-stop-11855/home/state/sm1.git-hooks/pre-rebase: Permission denied
rm: /private/var/folders/0k/3fxkts6n00d556lytm33m2jm0000gn/T/fm-secondmate-restart.vdBQJt/post-stop-11855/home/state/sm1.git-hooks/pre-applypatch: Permission denied
rm: /private/var/folders/0k/3fxkts6n00d556lytm33m2jm0000gn/T/fm-secondmate-restart.vdBQJt/post-stop-11855/home/state/sm1.git-hooks/pre-auto-gc: Permission denied
rm: /private/var/folders/0k/3fxkts6n00d556lytm33m2jm0000gn/T/fm-secondmate-restart.vdBQJt/post-stop-11855/home/state/sm1.git-hooks/pre-merge-commit: Permission denied
rm: /private/var/folders/0k/3fxkts6n00d556lytm33m2jm0000gn/T/fm-secondmate-restart.vdBQJt/post-stop-11855/home/state/sm1.git-hooks/post-commit: Permission denied
rm: /private/var/folders/0k/3fxkts6n00d556lytm33m2jm0000gn/T/fm-secondmate-restart.vdBQJt/post-stop-11855/home/state/sm1.git-hooks/sendemail-validate: Permission denied
rm: /private/var/folders/0k/3fxkts6n00d556lytm33m2jm0000gn/T/fm-secondmate-restart.vdBQJt/post-stop-11855/home/state/sm1.git-hooks/applypatch-msg: Permission denied
rm: /private/var/folders/0k/3fxkts6n00d556lytm33m2jm0000gn/T/fm-secondmate-restart.vdBQJt/post-stop-11855/home/state/sm1.git-hooks/prepare-commit-msg: Permission denied
rm: /private/var/folders/0k/3fxkts6n00d556lytm33m2jm0000gn/T/fm-secondmate-restart.vdBQJt/post-stop-11855/home/state/sm1.git-hooks/post-checkout: Permission denied
rm: /private/var/folders/0k/3fxkts6n00d556lytm33m2jm0000gn/T/fm-secondmate-restart.vdBQJt/post-stop-11855/home/state/sm1.git-hooks/post-applypatch: Permission denied
rm: /private/var/folders/0k/3fxkts6n00d556lytm33m2jm0000gn/T/fm-secondmate-restart.vdBQJt/post-stop-11855/home/state/sm1.git-hooks/post-rewrite: Permission denied
rm: /private/var/folders/0k/3fxkts6n00d556lytm33m2jm0000gn/T/fm-secondmate-restart.vdBQJt/post-stop-11855/home/state/sm1.git-hooks/commit-msg: Permission denied
rm: /private/var/folders/0k/3fxkts6n00d556lytm33m2jm0000gn/T/fm-secondmate-restart.vdBQJt/post-stop-11855/home/state/sm1.git-hooks/pre-push: Permission denied
rm: /private/var/folders/0k/3fxkts6n00d556lytm33m2jm0000gn/T/fm-secondmate-restart.vdBQJt/post-stop-11855/home/state/sm1.git-hooks/post-merge: Permission denied
rm: /private/var/folders/0k/3fxkts6n00d556lytm33m2jm0000gn/T/fm-secondmate-restart.vdBQJt/post-stop-11855/home/state/sm1.git-hooks/pre-commit: Permission denied
rm: /private/var/folders/0k/3fxkts6n00d556lytm33m2jm0000gn/T/fm-secondmate-restart.vdBQJt/post-stop-11855/home/state/sm1.git-hooks: Directory not empty
rm: /private/var/folders/0k/3fxkts6n00d556lytm33m2jm0000gn/T/fm-secondmate-restart.vdBQJt/post-stop-11855/home/state: Directory not empty
rm: /private/var/folders/0k/3fxkts6n00d556lytm33m2jm0000gn/T/fm-secondmate-restart.vdBQJt/post-stop-11855/home: Directory not empty
rm: /private/var/folders/0k/3fxkts6n00d556lytm33m2jm0000gn/T/fm-secondmate-restart.vdBQJt/post-stop-11855: Directory not empty
rm: /private/var/folders/0k/3fxkts6n00d556lytm33m2jm0000gn/T/fm-secondmate-restart.vdBQJt/relaunch-polling-26996/home/state/sm2.git-hooks/pre-rebase: Permission denied
rm: /private/var/folders/0k/3fxkts6n00d556lytm33m2jm0000gn/T/fm-secondmate-restart.vdBQJt/relaunch-polling-26996/home/state/sm2.git-hooks/pre-applypatch: Permission denied
rm: /private/var/folders/0k/3fxkts6n00d556lytm33m2jm0000gn/T/fm-secondmate-restart.vdBQJt/relaunch-polling-26996/home/state/sm2.git-hooks/pre-auto-gc: Permission denied
rm: /private/var/folders/0k/3fxkts6n00d556lytm33m2jm0000gn/T/fm-secondmate-restart.vdBQJt/relaunch-polling-26996/home/state/sm2.git-hooks/pre-merge-commit: Permission denied
rm: /private/var/folders/0k/3fxkts6n00d556lytm33m2jm0000gn/T/fm-secondmate-restart.vdBQJt/relaunch-polling-26996/home/state/sm2.git-hooks/post-commit: Permission denied
rm: /private/var/folders/0k/3fxkts6n00d556lytm33m2jm0000gn/T/fm-secondmate-restart.vdBQJt/relaunch-polling-26996/home/state/sm2.git-hooks/sendemail-validate: Permission denied
rm: /private/var/folders/0k/3fxkts6n00d556lytm33m2jm0000gn/T/fm-secondmate-restart.vdBQJt/relaunch-polling-26996/home/state/sm2.git-hooks/applypatch-msg: Permission denied
rm: /private/var/folders/0k/3fxkts6n00d556lytm33m2jm0000gn/T/fm-secondmate-restart.vdBQJt/relaunch-polling-26996/home/state/sm2.git-hooks/prepare-commit-msg: Permission denied
rm: /private/var/folders/0k/3fxkts6n00d556lytm33m2jm0000gn/T/fm-secondmate-restart.vdBQJt/relaunch-polling-26996/home/state/sm2.git-hooks/post-checkout: Permission denied
rm: /private/var/folders/0k/3fxkts6n00d556lytm33m2jm0000gn/T/fm-secondmate-restart.vdBQJt/relaunch-polling-26996/home/state/sm2.git-hooks/post-applypatch: Permission denied
rm: /private/var/folders/0k/3fxkts6n00d556lytm33m2jm0000gn/T/fm-secondmate-restart.vdBQJt/relaunch-polling-26996/home/state/sm2.git-hooks/post-rewrite: Permission denied
rm: /private/var/folders/0k/3fxkts6n00d556lytm33m2jm0000gn/T/fm-secondmate-restart.vdBQJt/relaunch-polling-26996/home/state/sm2.git-hooks/commit-msg: Permission denied
rm: /private/var/folders/0k/3fxkts6n00d556lytm33m2jm0000gn/T/fm-secondmate-restart.vdBQJt/relaunch-polling-26996/home/state/sm2.git-hooks/pre-push: Permission denied
rm: /private/var/folders/0k/3fxkts6n00d556lytm33m2jm0000gn/T/fm-secondmate-restart.vdBQJt/relaunch-polling-26996/home/state/sm2.git-hooks/post-merge: Permission denied
rm: /private/var/folders/0k/3fxkts6n00d556lytm33m2jm0000gn/T/fm-secondmate-restart.vdBQJt/relaunch-polling-26996/home/state/sm2.git-hooks/pre-commit: Permission denied
rm: /private/var/folders/0k/3fxkts6n00d556lytm33m2jm0000gn/T/fm-secondmate-restart.vdBQJt/relaunch-polling-26996/home/state/sm2.git-hooks: Directory not empty
rm: /private/var/folders/0k/3fxkts6n00d556lytm33m2jm0000gn/T/fm-secondmate-restart.vdBQJt/relaunch-polling-26996/home/state: Directory not empty
rm: /private/var/folders/0k/3fxkts6n00d556lytm33m2jm0000gn/T/fm-secondmate-restart.vdBQJt/relaunch-polling-26996/home: Directory not empty
rm: /private/var/folders/0k/3fxkts6n00d556lytm33m2jm0000gn/T/fm-secondmate-restart.vdBQJt/relaunch-polling-26996: Directory not empty
rm: /private/var/folders/0k/3fxkts6n00d556lytm33m2jm0000gn/T/fm-secondmate-restart.vdBQJt/pin-3959/home/state/sm1.git-hooks/pre-rebase: Permission denied
rm: /private/var/folders/0k/3fxkts6n00d556lytm33m2jm0000gn/T/fm-secondmate-restart.vdBQJt/pin-3959/home/state/sm1.git-hooks/pre-applypatch: Permission denied
rm: /private/var/folders/0k/3fxkts6n00d556lytm33m2jm0000gn/T/fm-secondmate-restart.vdBQJt/pin-3959/home/state/sm1.git-hooks/pre-auto-gc: Permission denied
rm: /private/var/folders/0k/3fxkts6n00d556lytm33m2jm0000gn/T/fm-secondmate-restart.vdBQJt/pin-3959/home/state/sm1.git-hooks/pre-merge-commit: Permission denied
rm: /private/var/folders/0k/3fxkts6n00d556lytm33m2jm0000gn/T/fm-secondmate-restart.vdBQJt/pin-3959/home/state/sm1.git-hooks/post-commit: Permission denied
rm: /private/var/folders/0k/3fxkts6n00d556lytm33m2jm0000gn/T/fm-secondmate-restart.vdBQJt/pin-3959/home/state/sm1.git-hooks/sendemail-validate: Permission denied
rm: /private/var/folders/0k/3fxkts6n00d556lytm33m2jm0000gn/T/fm-secondmate-restart.vdBQJt/pin-3959/home/state/sm1.git-hooks/applypatch-msg: Permission denied
rm: /private/var/folders/0k/3fxkts6n00d556lytm33m2jm0000gn/T/fm-secondmate-restart.vdBQJt/pin-3959/home/state/sm1.git-hooks/prepare-commit-msg: Permission denied
rm: /private/var/folders/0k/3fxkts6n00d556lytm33m2jm0000gn/T/fm-secondmate-restart.vdBQJt/pin-3959/home/state/sm1.git-hooks/post-checkout: Permission denied
rm: /private/var/folders/0k/3fxkts6n00d556lytm33m2jm0000gn/T/fm-secondmate-restart.vdBQJt/pin-3959/home/state/sm1.git-hooks/post-applypatch: Permission denied
rm: /private/var/folders/0k/3fxkts6n00d556lytm33m2jm0000gn/T/fm-secondmate-restart.vdBQJt/pin-3959/home/state/sm1.git-hooks/post-rewrite: Permission denied
rm: /private/var/folders/0k/3fxkts6n00d556lytm33m2jm0000gn/T/fm-secondmate-restart.vdBQJt/pin-3959/home/state/sm1.git-hooks/commit-msg: Permission denied
rm: /private/var/folders/0k/3fxkts6n00d556lytm33m2jm0000gn/T/fm-secondmate-restart.vdBQJt/pin-3959/home/state/sm1.git-hooks/pre-push: Permission denied
rm: /private/var/folders/0k/3fxkts6n00d556lytm33m2jm0000gn/T/fm-secondmate-restart.vdBQJt/pin-3959/home/state/sm1.git-hooks/post-merge: Permission denied
rm: /private/var/folders/0k/3fxkts6n00d556lytm33m2jm0000gn/T/fm-secondmate-restart.vdBQJt/pin-3959/home/state/sm1.git-hooks/pre-commit: Permission denied
rm: /private/var/folders/0k/3fxkts6n00d556lytm33m2jm0000gn/T/fm-secondmate-restart.vdBQJt/pin-3959/home/state/sm1.git-hooks: Directory not empty
rm: /private/var/folders/0k/3fxkts6n00d556lytm33m2jm0000gn/T/fm-secondmate-restart.vdBQJt/pin-3959/home/state: Directory not empty
rm: /private/var/folders/0k/3fxkts6n00d556lytm33m2jm0000gn/T/fm-secondmate-restart.vdBQJt/pin-3959/home: Directory not empty
rm: /private/var/folders/0k/3fxkts6n00d556lytm33m2jm0000gn/T/fm-secondmate-restart.vdBQJt/pin-3959: Directory not empty
rm: /private/var/folders/0k/3fxkts6n00d556lytm33m2jm0000gn/T/fm-secondmate-restart.vdBQJt/native-local-13288/home/state/sm1.git-hooks/pre-rebase: Permission denied
rm: /private/var/folders/0k/3fxkts6n00d556lytm33m2jm0000gn/T/fm-secondmate-restart.vdBQJt/native-local-13288/home/state/sm1.git-hooks/pre-applypatch: Permission denied
rm: /private/var/folders/0k/3fxkts6n00d556lytm33m2jm0000gn/T/fm-secondmate-restart.vdBQJt/native-local-13288/home/state/sm1.git-hooks/pre-auto-gc: Permission denied
rm: /private/var/folders/0k/3fxkts6n00d556lytm33m2jm0000gn/T/fm-secondmate-restart.vdBQJt/native-local-13288/home/state/sm1.git-hooks/pre-merge-commit: Permission denied
rm: /private/var/folders/0k/3fxkts6n00d556lytm33m2jm0000gn/T/fm-secondmate-restart.vdBQJt/native-local-13288/home/state/sm1.git-hooks/post-commit: Permission denied
rm: /private/var/folders/0k/3fxkts6n00d556lytm33m2jm0000gn/T/fm-secondmate-restart.vdBQJt/native-local-13288/home/state/sm1.git-hooks/sendemail-validate: Permission denied
rm: /private/var/folders/0k/3fxkts6n00d556lytm33m2jm0000gn/T/fm-secondmate-restart.vdBQJt/native-local-13288/home/state/sm1.git-hooks/applypatch-msg: Permission denied
rm: /private/var/folders/0k/3fxkts6n00d556lytm33m2jm0000gn/T/fm-secondmate-restart.vdBQJt/native-local-13288/home/state/sm1.git-hooks/prepare-commit-msg: Permission denied
rm: /private/var/folders/0k/3fxkts6n00d556lytm33m2jm0000gn/T/fm-secondmate-restart.vdBQJt/native-local-13288/home/state/sm1.git-hooks/post-checkout: Permission denied
rm: /private/var/folders/0k/3fxkts6n00d556lytm33m2jm0000gn/T/fm-secondmate-restart.vdBQJt/native-local-13288/home/state/sm1.git-hooks/post-applypatch: Permission denied
rm: /private/var/folders/0k/3fxkts6n00d556lytm33m2jm0000gn/T/fm-secondmate-restart.vdBQJt/native-local-13288/home/state/sm1.git-hooks/post-rewrite: Permission denied
rm: /private/var/folders/0k/3fxkts6n00d556lytm33m2jm0000gn/T/fm-secondmate-restart.vdBQJt/native-local-13288/home/state/sm1.git-hooks/commit-msg: Permission denied
rm: /private/var/folders/0k/3fxkts6n00d556lytm33m2jm0000gn/T/fm-secondmate-restart.vdBQJt/native-local-13288/home/state/sm1.git-hooks/pre-push: Permission denied
rm: /private/var/folders/0k/3fxkts6n00d556lytm33m2jm0000gn/T/fm-secondmate-restart.vdBQJt/native-local-13288/home/state/sm1.git-hooks/post-merge: Permission denied
rm: /private/var/folders/0k/3fxkts6n00d556lytm33m2jm0000gn/T/fm-secondmate-restart.vdBQJt/native-local-13288/home/state/sm1.git-hooks/pre-commit: Permission denied
rm: /private/var/folders/0k/3fxkts6n00d556lytm33m2jm0000gn/T/fm-secondmate-restart.vdBQJt/native-local-13288/home/state/sm1.git-hooks: Directory not empty
rm: /private/var/folders/0k/3fxkts6n00d556lytm33m2jm0000gn/T/fm-secondmate-restart.vdBQJt/native-local-13288/home/state: Directory not empty
rm: /private/var/folders/0k/3fxkts6n00d556lytm33m2jm0000gn/T/fm-secondmate-restart.vdBQJt/native-local-13288/home: Directory not empty
rm: /private/var/folders/0k/3fxkts6n00d556lytm33m2jm0000gn/T/fm-secondmate-restart.vdBQJt/native-local-13288: Directory not empty
rm: /private/var/folders/0k/3fxkts6n00d556lytm33m2jm0000gn/T/fm-secondmate-restart.vdBQJt/arrived-at-bound-12936/home/state/sm1.git-hooks/pre-rebase: Permission denied
rm: /private/var/folders/0k/3fxkts6n00d556lytm33m2jm0000gn/T/fm-secondmate-restart.vdBQJt/arrived-at-bound-12936/home/state/sm1.git-hooks/pre-applypatch: Permission denied
rm: /private/var/folders/0k/3fxkts6n00d556lytm33m2jm0000gn/T/fm-secondmate-restart.vdBQJt/arrived-at-bound-12936/home/state/sm1.git-hooks/pre-auto-gc: Permission denied
rm: /private/var/folders/0k/3fxkts6n00d556lytm33m2jm0000gn/T/fm-secondmate-restart.vdBQJt/arrived-at-bound-12936/home/state/sm1.git-hooks/pre-merge-commit: Permission denied
rm: /private/var/folders/0k/3fxkts6n00d556lytm33m2jm0000gn/T/fm-secondmate-restart.vdBQJt/arrived-at-bound-12936/home/state/sm1.git-hooks/post-commit: Permission denied
rm: /private/var/folders/0k/3fxkts6n00d556lytm33m2jm0000gn/T/fm-secondmate-restart.vdBQJt/arrived-at-bound-12936/home/state/sm1.git-hooks/sendemail-validate: Permission denied
rm: /private/var/folders/0k/3fxkts6n00d556lytm33m2jm0000gn/T/fm-secondmate-restart.vdBQJt/arrived-at-bound-12936/home/state/sm1.git-hooks/applypatch-msg: Permission denied
rm: /private/var/folders/0k/3fxkts6n00d556lytm33m2jm0000gn/T/fm-secondmate-restart.vdBQJt/arrived-at-bound-12936/home/state/sm1.git-hooks/prepare-commit-msg: Permission denied
rm: /private/var/folders/0k/3fxkts6n00d556lytm33m2jm0000gn/T/fm-secondmate-restart.vdBQJt/arrived-at-bound-12936/home/state/sm1.git-hooks/post-checkout: Permission denied
rm: /private/var/folders/0k/3fxkts6n00d556lytm33m2jm0000gn/T/fm-secondmate-restart.vdBQJt/arrived-at-bound-12936/home/state/sm1.git-hooks/post-applypatch: Permission denied
rm: /private/var/folders/0k/3fxkts6n00d556lytm33m2jm0000gn/T/fm-secondmate-restart.vdBQJt/arrived-at-bound-12936/home/state/sm1.git-hooks/post-rewrite: Permission denied
rm: /private/var/folders/0k/3fxkts6n00d556lytm33m2jm0000gn/T/fm-secondmate-restart.vdBQJt/arrived-at-bound-12936/home/state/sm1.git-hooks/commit-msg: Permission denied
rm: /private/var/folders/0k/3fxkts6n00d556lytm33m2jm0000gn/T/fm-secondmate-restart.vdBQJt/arrived-at-bound-12936/home/state/sm1.git-hooks/pre-push: Permission denied
rm: /private/var/folders/0k/3fxkts6n00d556lytm33m2jm0000gn/T/fm-secondmate-restart.vdBQJt/arrived-at-bound-12936/home/state/sm1.git-hooks/post-merge: Permission denied
rm: /private/var/folders/0k/3fxkts6n00d556lytm33m2jm0000gn/T/fm-secondmate-restart.vdBQJt/arrived-at-bound-12936/home/state/sm1.git-hooks/pre-commit: Permission denied
rm: /private/var/folders/0k/3fxkts6n00d556lytm33m2jm0000gn/T/fm-secondmate-restart.vdBQJt/arrived-at-bound-12936/home/state/sm1.git-hooks: Directory not empty
rm: /private/var/folders/0k/3fxkts6n00d556lytm33m2jm0000gn/T/fm-secondmate-restart.vdBQJt/arrived-at-bound-12936/home/state: Directory not empty
rm: /private/var/folders/0k/3fxkts6n00d556lytm33m2jm0000gn/T/fm-secondmate-restart.vdBQJt/arrived-at-bound-12936/home: Directory not empty
rm: /private/var/folders/0k/3fxkts6n00d556lytm33m2jm0000gn/T/fm-secondmate-restart.vdBQJt/arrived-at-bound-12936: Directory not empty
rm: /private/var/folders/0k/3fxkts6n00d556lytm33m2jm0000gn/T/fm-secondmate-restart.vdBQJt: Directory not empty
